ORACLE_CALIBRATED
ITER -1 0 pool 82 q 0.3340393266909929 gap 8.875356404403398 t 0.15
ITER -1 1 pool 83 q 0.3346338812436089 gap 12.766424274542391 t 0.32
ITER -1 2 pool 84 q 0.33938536606032177 gap 4.7567631705134374 t 0.6
ITER -1 3 pool 85 q 0.34140119821489767 gap 6.400569033311381 t 0.79
ITER -1 4 pool 86 q 0.34548220990602857 gap 7.475351631015186 t 0.97
ITER -1 5 pool 87 q 0.3486727302954835 gap 3.881962 t 1.2
ITER -1 6 pool 88 q 0.3521334440228643 gap 7.29806 t 1.37
ITER -1 7 pool 89 q 0.3527256921206253 gap 5.664471240588675 t 1.55
ITER -1 8 pool 90 q 0.3539818492038423 gap 4.156326582281101 t 1.73
ITER -1 9 pool 91 q 0.3594402533629199 gap 5.018635191869521 t 1.91
ITER -1 10 pool 92 q 0.36470204918152815 gap 6.412474 t 2.07
ITER -1 11 pool 93 q 0.3683862070354952 gap 6.421728520520181 t 2.22
ITER -1 12 pool 94 q 0.37460260165292386 gap 6.140524294583335 t 2.37
ITER -1 13 pool 95 q 0.3752204292575211 gap 3.2018184585544214 t 2.51
ITER -1 14 pool 96 q 0.3801457999337575 gap 2.5080568949214594 t 2.67
ITER -1 15 pool 97 q 0.3811859782255731 gap 3.431322 t 2.87
ITER -1 16 pool 98 q 0.3862886382505132 gap 4.065993478919704 t 3.06
ITER -1 17 pool 99 q 0.3881608983843856 gap 2.005837895868093 t 3.25
ITER -1 18 pool 100 q 0.3888821543212438 gap 2.3278927563856895 t 3.43
ITER -1 19 pool 101 q 0.39314100783135164 gap 5.143471681293224 t 3.61
ITER -1 20 pool 102 q 0.3966097159797908 gap 2.3303594239874625 t 3.79
ITER -1 21 pool 103 q 0.3983737566543782 gap 2.29653666404341 t 4.0
ITER -1 22 pool 104 q 0.4000482992155556 gap 3.305394 t 4.2
ITER -1 23 pool 105 q 0.4026124958752007 gap 1.962111 t 4.36
ITER -1 24 pool 106 q 0.4054206958345305 gap 2.897709 t 4.51
ITER -1 25 pool 107 q 0.41069475577826153 gap 2.899763 t 4.67
ITER -1 26 pool 108 q 0.4177526530620509 gap 2.439428 t 4.81
ITER -1 27 pool 109 q 0.42248496032021965 gap 2.94396 t 4.97
ITER -1 28 pool 110 q 0.4250892458193949 gap 1.2705127061621164 t 5.13
ITER -1 29 pool 111 q 0.4262076525412524 gap 1.850181336526206 t 5.28
ITER -1 30 pool 112 q 0.42678446466654135 gap 1.6384978674337924 t 5.44
ITER -1 31 pool 113 q 0.4280477758135196 gap 1.6438993425536692 t 5.6
ITER -1 32 pool 114 q 0.42979220827398734 gap 1.7168681425894041 t 5.95
ITER -1 33 pool 115 q 0.4323196435127323 gap 1.7809764577082787 t 6.09
ITER -1 34 pool 116 q 0.433396011798636 gap 1.7015842430166817 t 6.23
ITER -1 35 pool 117 q 0.4353681259987324 gap 1.9294614031499606 t 6.4
ITER -1 36 pool 118 q 0.43677242249858705 gap 1.854242 t 6.55
ITER -1 37 pool 119 q 0.43815263903666335 gap 1.765102 t 6.71
ITER -1 38 pool 120 q 0.4391551904210293 gap 1.2406963015511265 t 6.87
ITER -1 39 pool 121 q 0.44147510550700575 gap 1.8614888632677613 t 7.02
ITER -1 40 pool 122 q 0.4419198713141051 gap 1.3153197479936902 t 7.17
ITER -1 41 pool 123 q 0.4424222317101638 gap 1.52732908006825 t 7.33
ITER -1 42 pool 124 q 0.4425448726934932 gap 1.324852311226984 t 7.48
ITER -1 43 pool 125 q 0.44289807977686446 gap 1.0297511706999418 t 7.62
ITER -1 44 pool 126 q 0.4432562979045359 gap 1.1297861072466078 t 7.77
ITER -1 45 pool 127 q 0.4436985881749692 gap 1.2012587318499217 t 7.91
ITER -1 46 pool 128 q 0.44455858186786795 gap 1.3203553719457748 t 8.06
ITER -1 47 pool 129 q 0.44574327929912794 gap 1.237103553264931 t 8.21
ITER -1 48 pool 130 q 0.44642786198322726 gap 1.123766 t 8.36
ITER -1 49 pool 131 q 0.4495270461744878 gap 1.1633048245022168 t 8.5
ITER -1 50 pool 132 q 0.4534509633463192 gap 1.000328520826245 t 8.65
ITER -1 51 pool 133 q 0.4556652923798855 gap 0.9316171538246378 t 8.79
ITER -1 52 pool 134 q 0.4595811278034919 gap 1.344001 t 8.97
ITER -1 53 pool 135 q 0.4609573262422303 gap 1.274165 t 9.11
ITER -1 54 pool 136 q 0.4623902970807102 gap 1.2132835842537708 t 9.26
ITER -1 55 pool 137 q 0.46270876005463174 gap 1.288804585923533 t 9.4
ITER -1 56 pool 138 q 0.4631461789661593 gap 1.048982 t 9.55
ITER -1 57 pool 139 q 0.4658787663083283 gap 1.4030432572200504 t 9.71
ITER -1 58 pool 140 q 0.4671106877562159 gap 1.3016012169335087 t 9.87
ITER -1 59 pool 141 q 0.4684481588463372 gap 1.003476617994823 t 10.04
ITER -1 60 pool 142 q 0.46897057722008273 gap 0.879471 t 10.2
ITER -1 61 pool 143 q 0.4691484538228144 gap 0.8371485378244892 t 10.34
ITER -1 62 pool 144 q 0.4693582960726449 gap 0.7346647032960487 t 10.5
ITER -1 63 pool 145 q 0.4700841518608109 gap 1.066259 t 10.66
ITER -1 64 pool 146 q 0.4735519952968748 gap 0.875193 t 10.81
ITER -1 65 pool 147 q 0.47501885353888745 gap 0.92963 t 10.96
ITER -1 66 pool 148 q 0.475602016861524 gap 1.1976192507834975 t 11.11
ITER -1 67 pool 149 q 0.4767189704783635 gap 0.9195811675357398 t 11.26
ITER -1 68 pool 150 q 0.47779865141988304 gap 1.0504049116973493 t 11.41
ITER -1 69 pool 151 q 0.4782128367925007 gap 0.8769142852961945 t 11.56
ITER -1 70 pool 152 q 0.48009483094044886 gap 0.9216042259511232 t 11.71
ITER -1 71 pool 153 q 0.48126720266772655 gap 0.928214 t 11.87
ITER -1 72 pool 154 q 0.4833283865056761 gap 0.948524 t 12.02
ITER -1 73 pool 155 q 0.4843366993576535 gap 1.047296 t 12.18
ITER -1 74 pool 156 q 0.48526430229111783 gap 0.809645832460469 t 12.33
ITER -1 75 pool 157 q 0.4858920396951536 gap 0.830746 t 12.48
ITER -1 76 pool 158 q 0.4862292244102535 gap 0.7728514102343682 t 12.65
ITER -1 77 pool 159 q 0.4866766773438112 gap 0.96644 t 12.83
ITER -1 78 pool 160 q 0.4870432124655282 gap 0.7420967615979892 t 12.98
ITER -1 79 pool 161 q 0.4875242736979787 gap 0.9406917723174122 t 13.14
ITER -1 80 pool 162 q 0.48922857001473263 gap 0.616294 t 13.29
ITER -1 81 pool 163 q 0.4899640982697897 gap 0.9174781922059986 t 13.44
ITER -1 82 pool 164 q 0.4911395835705162 gap 0.9475529042328616 t 13.59
ITER -1 83 pool 165 q 0.4916427161749977 gap 0.8493210171088488 t 13.75
ITER -1 84 pool 166 q 0.4977243848211457 gap 1.21253 t 13.9
ITER -1 85 pool 167 q 0.49999046582050266 gap 0.9255474964131744 t 14.06
ITER -1 86 pool 168 q 0.5021177073969809 gap 1.1105114822544149 t 14.21
ITER -1 87 pool 169 q 0.50298025995235 gap 0.8241969869366452 t 14.4
ITER -1 88 pool 170 q 0.5037818282938379 gap 0.889119 t 14.56
ITER -1 89 pool 171 q 0.5061209526205753 gap 0.890963 t 14.71
ITER -1 90 pool 172 q 0.5068006233589578 gap 0.8822605141488269 t 14.86
ITER -1 91 pool 173 q 0.5087060504698344 gap 0.8953371736692851 t 15.02
ITER -1 92 pool 174 q 0.509963220652927 gap 0.923105 t 15.18
ITER -1 93 pool 175 q 0.5111846483127959 gap 0.9526518888124157 t 15.35
ITER -1 94 pool 176 q 0.5131312150993714 gap 0.875044 t 15.51
ITER -1 95 pool 177 q 0.515890854662269 gap 0.927625 t 15.66
ITER -1 96 pool 178 q 0.5182259361352579 gap 0.748455 t 15.83
ITER -1 97 pool 179 q 0.519543423237402 gap 0.8068231229542839 t 15.99
ITER -1 98 pool 180 q 0.521673231052957 gap 0.900373963127996 t 16.14
ITER -1 99 pool 181 q 0.5220622680323348 gap 1.005727 t 16.3
ITER -1 100 pool 182 q 0.52341052150753 gap 0.985115 t 16.47
ITER -1 101 pool 183 q 0.52428523203859 gap 1.063051 t 16.63
ITER -1 102 pool 184 q 0.5250682787820463 gap 0.957465 t 16.79
ITER -1 103 pool 185 q 0.5254078927310091 gap 0.767594 t 16.96
ITER -1 104 pool 186 q 0.5261017885681184 gap 0.89189 t 17.13
ITER -1 105 pool 187 q 0.527206217603896 gap 0.5721112166541962 t 17.28
ITER -1 106 pool 188 q 0.5276340110309311 gap 0.861945 t 17.43
ITER -1 107 pool 189 q 0.5280607582634033 gap 0.6798173201140416 t 17.59
ITER -1 108 pool 190 q 0.5292848022104907 gap 0.6903770613176059 t 17.73
ITER -1 109 pool 191 q 0.5312533241642607 gap 0.74714 t 17.89
ITER -1 110 pool 192 q 0.5319547302766816 gap 0.738879 t 18.04
ITER -1 111 pool 193 q 0.5324507368936057 gap 0.713782 t 18.18
ITER -1 112 pool 194 q 0.535143934858831 gap 1.049567397780431 t 18.34
ITER -1 113 pool 195 q 0.537170401722462 gap 0.93177 t 18.49
ITER -1 114 pool 196 q 0.5386977227913394 gap 0.9206585691730839 t 18.65
ITER -1 115 pool 197 q 0.540497057347113 gap 1.062464351035452 t 18.81
ITER -1 116 pool 198 q 0.5420084908622705 gap 1.0551739453932822 t 18.96
ITER -1 117 pool 199 q 0.5454637782147504 gap 0.825297 t 19.12
ITER -1 118 pool 200 q 0.5480014336844148 gap 0.9049 t 19.27
ITER -1 119 pool 201 q 0.5508532083194466 gap 0.9346317763113778 t 19.42
ITER -1 120 pool 202 q 0.551950087875295 gap 0.6167843132175956 t 19.58
ITER -1 121 pool 203 q 0.5523781645362645 gap 0.753992 t 19.72
ITER -1 122 pool 204 q 0.552835444308051 gap 0.860274 t 19.9
ITER -1 123 pool 205 q 0.553078385223595 gap 0.897293 t 20.07
ITER -1 124 pool 206 q 0.5533336127142023 gap 0.810917 t 20.22
ITER -1 125 pool 207 q 0.5539176311417835 gap 0.689425 t 20.38
ITER -1 126 pool 208 q 0.5552451677243961 gap 0.66549 t 20.55
ITER -1 127 pool 209 q 0.5583285592214287 gap 0.5872515901066826 t 20.7
ITER -1 128 pool 210 q 0.5592573284749706 gap 0.6750082141773713 t 20.87
ITER -1 129 pool 211 q 0.5595395140839625 gap 0.6241824465299582 t 21.05
ITER -1 130 pool 212 q 0.5629944053677596 gap 0.92946743791449 t 21.2
ITER -1 131 pool 213 q 0.5658170015468144 gap 0.6780536000626103 t 21.36
ITER -1 132 pool 214 q 0.5677784948349381 gap 0.7726730585815127 t 21.51
ITER -1 133 pool 215 q 0.5689056501133297 gap 0.5828332656966626 t 21.67
ITER -1 134 pool 216 q 0.570140268843584 gap 0.5883707720086554 t 21.82
ITER -1 135 pool 217 q 0.5714575096555597 gap 0.5141611792338867 t 21.98
ITER -1 136 pool 218 q 0.5749954986171634 gap 0.7537336811680657 t 22.13
ITER -1 137 pool 219 q 0.5759318552207954 gap 0.719459 t 22.29
ITER -1 138 pool 220 q 0.5773459217403833 gap 0.617643 t 22.44
ITER -1 139 pool 221 q 0.5806232231100175 gap 0.7237834560769293 t 22.62
ITER -1 140 pool 222 q 0.5825025576005336 gap 0.580657 t 22.8
ITER -1 141 pool 223 q 0.585349565704078 gap 0.638696 t 22.95
ITER -1 142 pool 224 q 0.5866684648700276 gap 1.001163 t 23.12
ITER -1 143 pool 225 q 0.5882639352805088 gap 0.602945 t 23.27
ITER -1 144 pool 226 q 0.5892580826378648 gap 0.62722 t 23.44
ITER -1 145 pool 227 q 0.5898702337644894 gap 0.6305582247333466 t 23.6
ITER -1 146 pool 228 q 0.5908716082146254 gap 0.48006054134359466 t 23.78
ITER -1 147 pool 229 q 0.5914137487196974 gap 0.458728 t 23.93
ITER -1 148 pool 230 q 0.592081533437256 gap 0.6228107918513417 t 24.08
ITER -1 149 pool 231 q 0.5922988953000085 gap 0.5653943793751258 t 24.23
ITER -1 150 pool 232 q 0.5924310283523362 gap 0.5044766007668342 t 24.4
ITER -1 151 pool 233 q 0.5928684035063645 gap 0.5182393779510956 t 24.56
ITER -1 152 pool 234 q 0.5931989803056685 gap 0.467585 t 24.71
ITER -1 153 pool 235 q 0.5935077997913523 gap 0.582491 t 24.87
ITER -1 154 pool 236 q 0.5943099724368195 gap 0.556492 t 25.04
ITER -1 155 pool 237 q 0.5945709464964086 gap 0.611261 t 25.2
ITER -1 156 pool 238 q 0.5957918765171168 gap 0.537775 t 25.37
ITER -1 157 pool 239 q 0.59644320377999 gap 0.617582 t 25.52
ITER -1 158 pool 240 q 0.5976153168030669 gap 0.7212876897270668 t 25.67
ITER -1 159 pool 241 q 0.5984549537011382 gap 0.495875 t 25.85
ITER -1 160 pool 242 q 0.5993237222276475 gap 0.6224055906865783 t 26.0
ITER -1 161 pool 243 q 0.5999737025066504 gap 0.47956581068469584 t 26.17
ITER -1 162 pool 244 q 0.6008057413852399 gap 0.5022414944343813 t 26.35
ITER -1 163 pool 245 q 0.6021502013960055 gap 0.567201176453147 t 26.52
ITER -1 164 pool 246 q 0.6032909930148829 gap 0.7858515402664428 t 26.69
ITER -1 165 pool 247 q 0.6040482616008993 gap 0.447393 t 26.85
ITER -1 166 pool 248 q 0.6041870030713412 gap 0.5549103780797457 t 27.0
ITER -1 167 pool 249 q 0.604895522707988 gap 0.7159952153045006 t 27.16
ITER -1 168 pool 250 q 0.6061028149994441 gap 0.5848271276384496 t 27.32
ITER -1 169 pool 251 q 0.6068242526790361 gap 0.5682076881031821 t 27.47
ITER -1 170 pool 252 q 0.6070110639263273 gap 0.4304226078111355 t 27.63
ITER -1 171 pool 253 q 0.6071036614975398 gap 0.507756 t 27.79
ITER -1 172 pool 254 q 0.607110142940861 gap 0.40827946406906523 t 27.94
ITER -1 173 pool 255 q 0.6078352861655113 gap 0.491964 t 28.09
ITER -1 174 pool 256 q 0.6091200851798587 gap 0.5303505049376286 t 28.24
ITER -1 175 pool 257 q 0.6105765668480281 gap 0.568072 t 28.39
ITER -1 176 pool 258 q 0.611775250975004 gap 0.561912420778837 t 28.53
ITER -1 177 pool 259 q 0.6125707905720403 gap 0.48440279675711967 t 28.68
ITER -1 178 pool 260 q 0.612892190343647 gap 0.616173 t 28.83
ITER -1 179 pool 261 q 0.6137111288325141 gap 0.614344 t 28.98
ROUND_LIMIT -1
ITER 1 0 pool 262 q 0.3133599617466535 gap 1.549209 t 29.12
ITER 1 1 pool 263 q 0.30838075727589886 gap 1.28226 t 29.27
ITER 1 2 pool 264 q 0.2997114383547732 gap 1.7520869690595366 t 29.42
ITER 1 3 pool 265 q 0.29688730665521446 gap 1.289825 t 29.57
ITER 1 4 pool 266 q 0.2926035919986254 gap 1.227651636491086 t 29.72
ITER 1 5 pool 267 q 0.2889143581942566 gap 1.6162447497261496 t 29.87
ITER 1 6 pool 268 q 0.2855170375762567 gap 1.266039126891527 t 30.02
ITER 1 7 pool 269 q 0.2835540922060108 gap 1.3755164382541216 t 30.16
ITER 1 8 pool 270 q 0.28249779449322016 gap 1.365484 t 30.31
ITER 1 9 pool 271 q 0.2816058071854744 gap 1.198447 t 30.46
ITER 1 10 pool 272 q 0.2794528087500109 gap 1.1765010116870758 t 30.62
ITER 1 11 pool 273 q 0.2772904478249056 gap 1.32763505139709 t 30.77
ITER 1 12 pool 274 q 0.2749702275339362 gap 1.063563 t 30.92
ITER 1 13 pool 275 q 0.2740675860213005 gap 1.001869 t 31.07
ITER 1 14 pool 276 q 0.2734452050343576 gap 1.291876 t 31.25
ITER 1 15 pool 277 q 0.27221020633753784 gap 0.981963 t 31.4
ITER 1 16 pool 278 q 0.27186592033449825 gap 1.025028 t 31.56
ITER 1 17 pool 279 q 0.2708349755162043 gap 1.155674 t 31.71
ITER 1 18 pool 280 q 0.2702663545882068 gap 0.930599 t 31.86
ITER 1 19 pool 281 q 0.2698051605727475 gap 0.990425 t 32.01
ITER 1 20 pool 282 q 0.2692488816360591 gap 0.8800933904575142 t 32.17
ITER 1 21 pool 283 q 0.26858301862658285 gap 0.9126 t 32.32
ITER 1 22 pool 284 q 0.26740679489551733 gap 1.106106 t 32.46
ITER 1 23 pool 285 q 0.2666823268511671 gap 1.130978 t 32.61
ITER 1 24 pool 286 q 0.2659145247208447 gap 0.8349663773899946 t 32.79
ITER 1 25 pool 287 q 0.26548748385376325 gap 0.703779 t 32.95
ITER 1 26 pool 288 q 0.26340060104060564 gap 0.744316 t 33.11
ITER 1 27 pool 289 q 0.2595858803155393 gap 0.836194 t 33.27
ITER 1 28 pool 290 q 0.25801503509146667 gap 0.8420291093986272 t 33.44
ITER 1 29 pool 291 q 0.25734937826555637 gap 0.850236 t 33.6
ITER 1 30 pool 292 q 0.25605550415905654 gap 0.8030646635436178 t 33.76
ITER 1 31 pool 293 q 0.25539678084664375 gap 1.06468 t 33.93
ITER 1 32 pool 294 q 0.25439034303157615 gap 1.058944 t 34.1
ITER 1 33 pool 295 q 0.25248886854223024 gap 1.2061304763835339 t 34.26
ITER 1 34 pool 296 q 0.2518533423972919 gap 0.8925599122997152 t 34.43
ITER 1 35 pool 297 q 0.2512411748266453 gap 0.890494 t 34.62
ITER 1 36 pool 298 q 0.2501222792411676 gap 0.851465 t 34.78
ITER 1 37 pool 299 q 0.24867146332009887 gap 0.8595967017533739 t 34.94
ITER 1 38 pool 300 q 0.2482068053317379 gap 0.6583098524822942 t 35.1
ITER 1 39 pool 301 q 0.24784472850866462 gap 0.82172 t 35.27
ITER 1 40 pool 302 q 0.24739276333117657 gap 0.765217 t 35.44
ITER 1 41 pool 303 q 0.24698724253855656 gap 0.668339 t 35.6
ITER 1 42 pool 304 q 0.24631979790008252 gap 0.83290098298898 t 35.76
ITER 1 43 pool 305 q 0.24433179301475494 gap 0.701887 t 35.92
ITER 1 44 pool 306 q 0.24405884005776854 gap 0.6956713770239801 t 36.07
ITER 1 45 pool 307 q 0.24333894701895742 gap 0.6779362746862441 t 36.23
ITER 1 46 pool 308 q 0.24179869443827337 gap 0.730393 t 36.38
ITER 1 47 pool 309 q 0.2413352392301859 gap 0.620003 t 36.53
ITER 1 48 pool 310 q 0.2402723001971292 gap 0.804549 t 36.69
ITER 1 49 pool 311 q 0.23971571178723872 gap 0.7656842430509847 t 36.84
ITER 1 50 pool 312 q 0.23925223729607076 gap 0.5375032662607173 t 37.0
ITER 1 51 pool 313 q 0.23861955948383307 gap 0.5983593985345614 t 37.15
ITER 1 52 pool 314 q 0.23742645386300926 gap 0.6024420647507984 t 37.31
ITER 1 53 pool 315 q 0.23708179168680854 gap 0.5336608686074451 t 37.46
ITER 1 54 pool 316 q 0.2365239455809017 gap 0.502323 t 37.62
ITER 1 55 pool 317 q 0.23609693347417493 gap 0.744453 t 37.78
ITER 1 56 pool 318 q 0.23159646127902908 gap 0.7126698281315821 t 37.93
ITER 1 57 pool 319 q 0.2294209288707894 gap 0.7086816772160658 t 38.09
ITER 1 58 pool 320 q 0.22854606243646836 gap 0.7172488993634302 t 38.24
ITER 1 59 pool 321 q 0.2276611119619776 gap 0.5539433334188906 t 38.41
ITER 1 60 pool 322 q 0.22752604083820843 gap 0.6197893691882723 t 38.57
ITER 1 61 pool 323 q 0.22677960713113998 gap 0.6707797597870593 t 38.73
ITER 1 62 pool 324 q 0.2262988409662814 gap 0.6558318818930234 t 38.88
ITER 1 63 pool 325 q 0.2259864839678222 gap 0.5491389494004707 t 39.05
ITER 1 64 pool 326 q 0.22432399760289432 gap 0.7659154359831876 t 39.2
ITER 1 65 pool 327 q 0.222930354897953 gap 0.6505721846568246 t 39.36
ITER 1 66 pool 328 q 0.22256234030476543 gap 0.671482 t 39.51
ITER 1 67 pool 329 q 0.22142381798872265 gap 0.622677 t 39.66
ITER 1 68 pool 330 q 0.22121447872257025 gap 0.4924980362469903 t 39.81
ITER 1 69 pool 331 q 0.22024720254606522 gap 0.7494859483805207 t 39.96
ITER 1 70 pool 332 q 0.21952137136322183 gap 0.6314814713560044 t 40.13
ITER 1 71 pool 333 q 0.21872437091674668 gap 0.5051254108800269 t 40.3
ITER 1 72 pool 334 q 0.217810288421226 gap 0.469705 t 40.46
ITER 1 73 pool 335 q 0.21733546928917852 gap 0.4686798846424295 t 40.62
ITER 1 74 pool 336 q 0.21668766000384396 gap 0.4245057320789275 t 40.78
ITER 1 75 pool 337 q 0.21558833210822453 gap 0.7227851561964677 t 40.93
ITER 1 76 pool 338 q 0.21481139272642508 gap 0.612862 t 41.08
ITER 1 77 pool 339 q 0.2145027160623148 gap 0.3994906240753019 t 41.23
ITER 1 78 pool 340 q 0.21376010747558102 gap 0.5410804851813903 t 41.39
ITER 1 79 pool 341 q 0.2131811104411308 gap 0.5222840766734891 t 41.55
ITER 1 80 pool 342 q 0.21264550898712456 gap 0.4843669453663477 t 41.71
ITER 1 81 pool 343 q 0.21243898199902378 gap 0.48156592122382114 t 41.87
ITER 1 82 pool 344 q 0.2122554462955524 gap 0.456371 t 42.02
ITER 1 83 pool 345 q 0.21093761150720336 gap 0.6168082099694634 t 42.17
ITER 1 84 pool 346 q 0.20970100757371776 gap 0.6356850983192682 t 42.32
ITER 1 85 pool 347 q 0.20886386590145428 gap 0.4661046386634693 t 42.48
ITER 1 86 pool 348 q 0.2084100750545777 gap 0.48974573304288377 t 42.66
ITER 1 87 pool 349 q 0.2080927431884235 gap 0.38026561864013486 t 42.83
ITER 1 88 pool 350 q 0.20740343528931832 gap 0.48342905103144257 t 42.99
ITER 1 89 pool 351 q 0.2072755533470456 gap 0.5029532968052051 t 43.15
ITER 1 90 pool 352 q 0.20719350080004828 gap 0.4406970418976663 t 43.31
ITER 1 91 pool 353 q 0.20696671647651183 gap 0.5146617634281985 t 43.46
ITER 1 92 pool 354 q 0.20625569278652212 gap 0.6806309159241535 t 43.61
ITER 1 93 pool 355 q 0.20549894434012017 gap 0.44980495799104103 t 43.77
ITER 1 94 pool 356 q 0.20379308300551116 gap 0.5071090442280957 t 43.93
ITER 1 95 pool 357 q 0.2028270935555921 gap 0.453280008199063 t 44.09
ITER 1 96 pool 358 q 0.20228103944102213 gap 0.3878318608559233 t 44.25
ITER 1 97 pool 359 q 0.20179655248550812 gap 0.4196250252340866 t 44.42
ITER 1 98 pool 360 q 0.20085990812696455 gap 0.394881 t 44.58
ITER 1 99 pool 361 q 0.20022656885421924 gap 0.34328844042073986 t 44.74
ITER 1 100 pool 362 q 0.1993832121789586 gap 0.3069609812805873 t 44.9
ITER 1 101 pool 363 q 0.19904386441057204 gap 0.2856337155294153 t 45.05
ITER 1 102 pool 364 q 0.1989247485421092 gap 0.26926496322342863 t 45.21
ITER 1 103 pool 365 q 0.19876155109637017 gap 0.2813820506907051 t 45.37
ITER 1 104 pool 366 q 0.19856829498688683 gap 0.23073062269033395 t 45.52
ITER 1 105 pool 367 q 0.19827602548819112 gap 0.26787873731413164 t 45.68
ITER 1 106 pool 368 q 0.19785142274349782 gap 0.379073861642745 t 45.83
ITER 1 107 pool 369 q 0.19775673348888115 gap 0.2682898360197381 t 46.01
ITER 1 108 pool 370 q 0.1975897150854365 gap 0.3320075219717096 t 46.18
ITER 1 109 pool 371 q 0.19740783912904958 gap 0.25610316928480936 t 46.33
ITER 1 110 pool 372 q 0.1969355376245679 gap 0.3244104473179865 t 46.49
ITER 1 111 pool 373 q 0.19692721473932395 gap 0.3272229886598349 t 46.65
ITER 1 112 pool 374 q 0.1967373188990275 gap 0.2601393575982271 t 46.81
ITER 1 113 pool 375 q 0.19602266072476682 gap 0.2896621778911707 t 46.97
ITER 1 114 pool 376 q 0.1953003892423237 gap 0.36096280409205006 t 47.13
ITER 1 115 pool 377 q 0.19482016200904564 gap 0.34729132962451653 t 47.3
ITER 1 116 pool 378 q 0.19455912766951572 gap 0.28587819676991477 t 47.48
ITER 1 117 pool 379 q 0.19420735441742024 gap 0.28644646702248133 t 47.64
ITER 1 118 pool 380 q 0.19374100761794205 gap 0.2525653719192876 t 47.8
ITER 1 119 pool 381 q 0.1930506201972257 gap 0.33884133136878947 t 47.99
ITER 1 120 pool 382 q 0.19220965553022154 gap 0.3549629533404519 t 48.15
ITER 1 121 pool 383 q 0.19181710917956324 gap 0.29971319025339105 t 48.31
ITER 1 122 pool 384 q 0.19154555509455934 gap 0.32104385619026216 t 48.49
ITER 1 123 pool 385 q 0.19146711080556816 gap 0.28630412595594135 t 48.65
ITER 1 124 pool 386 q 0.19106368527212747 gap 0.30712496982402915 t 48.81
ITER 1 125 pool 387 q 0.19051956024221703 gap 0.3133777668768922 t 48.96
ITER 1 126 pool 388 q 0.18977930166385815 gap 0.2548305789279003 t 49.12
ITER 1 127 pool 389 q 0.18973397798484803 gap 0.29730202237704695 t 49.28
ITER 1 128 pool 390 q 0.18966879316634738 gap 0.25362653199857876 t 49.44
ITER 1 129 pool 391 q 0.18961077623684863 gap 0.25976932040371553 t 49.6
ITER 1 130 pool 392 q 0.18924173523073562 gap 0.2843522398704785 t 49.76
ITER 1 131 pool 393 q 0.18911802907445974 gap 0.253023 t 49.92
ITER 1 132 pool 394 q 0.18911802907446004 gap 0.2363409583113117 t 50.08
ITER 1 133 pool 395 q 0.18857144197286335 gap 0.30068226218593985 t 50.23
ITER 1 134 pool 396 q 0.1883211482618457 gap 0.3210421114998847 t 50.39
ITER 1 135 pool 397 q 0.18724239282009403 gap 0.296405029701359 t 50.54
ITER 1 136 pool 398 q 0.18644154863803009 gap 0.203850024798226 t 50.7
ITER 1 137 pool 399 q 0.18621354378859356 gap 0.3455654264003382 t 50.86
ITER 1 138 pool 400 q 0.18586002552885617 gap 0.221278 t 51.01
ITER 1 139 pool 401 q 0.185668551116649 gap 0.19265446151010396 t 51.17
ITER 1 140 pool 402 q 0.18543923119856492 gap 0.26456517860530127 t 51.32
ITER 1 141 pool 403 q 0.1851851851851844 gap -3.333335343858046e-07 t 51.49
EXACT_DUAL 0 coefficient_size 1
ENDPOINT 1 5/27 atoms 80 den 2442315062865571659
